     +------------------------------------------+ 
     |           Pin            |     Cell      | 
     |--------------------------+---------------| 
     | FE_PHC395_ml_il_x1_n_9/I |    DEL02BWP7T | 
     | FE_PHC395_ml_il_x1_n_9/Z |    DEL02BWP7T | 
     |         ml_il_x1_g920/A2 |    ND2D1BWP7T | 
     |         ml_il_x1_g920/ZN |    ND2D1BWP7T | 
     |         ml_il_x1_g906/B1 | MOAI22D0BWP7T | 
     |         ml_il_x1_g906/ZN | MOAI22D0BWP7T | 
     |          ml_il_x1_g901/B |    HA1D0BWP7T | 
     |          ml_il_x1_g901/S |    HA1D0BWP7T | 
     |         ml_il_x1_g935/A4 |    ND4D0BWP7T | 
     |         ml_il_x1_g935/ZN |    ND4D0BWP7T | 
     |         ml_il_x1_g933/B1 |   IND2D0BWP7T | 
     |         ml_il_x1_g933/ZN |   IND2D0BWP7T | 
     |         ml_il_x1_g932/B1 |   IND3D1BWP7T | 
     |         ml_il_x1_g932/ZN |   IND3D1BWP7T | 
     | FE_PHC395_ml_il_x1_n_9/I |    DEL02BWP7T | 
     +------------------------------------------+ 
     +------------------------------------------+ 
     |           Pin            |     Cell      | 
     |--------------------------+---------------| 
     | FE_PHC384_ml_il_y1_n_9/I |    DEL02BWP7T | 
     | FE_PHC384_ml_il_y1_n_9/Z |    DEL02BWP7T | 
     |         ml_il_y1_g920/A2 |    ND2D1BWP7T | 
     |         ml_il_y1_g920/ZN |    ND2D1BWP7T | 
     |         ml_il_y1_g906/B1 | MOAI22D0BWP7T | 
     |         ml_il_y1_g906/ZN | MOAI22D0BWP7T | 
     |          ml_il_y1_g901/B |    HA1D0BWP7T | 
     |          ml_il_y1_g901/S |    HA1D0BWP7T | 
     |         ml_il_y1_g935/A4 |    ND4D0BWP7T | 
     |         ml_il_y1_g935/ZN |    ND4D0BWP7T | 
     |         ml_il_y1_g933/B1 |   IND2D0BWP7T | 
     |         ml_il_y1_g933/ZN |   IND2D0BWP7T | 
     |         ml_il_y1_g932/B1 |   IND3D1BWP7T | 
     |         ml_il_y1_g932/ZN |   IND3D1BWP7T | 
     | FE_PHC384_ml_il_y1_n_9/I |    DEL02BWP7T | 
     +------------------------------------------+ 
     +----------------------------------+ 
     |       Pin        |     Cell      | 
     |------------------+---------------| 
     | ml_il_x1_g925/ZN |    ND2D1BWP7T | 
     | ml_il_x1_g903/A2 |    NR2D0BWP7T | 
     | ml_il_x1_g903/ZN |    NR2D0BWP7T | 
     |  ml_il_x1_g902/B |   AO21D0BWP7T | 
     |  ml_il_x1_g902/Z |   AO21D0BWP7T | 
     | ml_il_x1_g926/B2 | AOI222D0BWP7T | 
     | ml_il_x1_g926/ZN | AOI222D0BWP7T | 
     | ml_il_x1_g925/A1 |    ND2D1BWP7T | 
     | ml_il_x1_g925/ZN |    ND2D1BWP7T | 
     +----------------------------------+ 
     +----------------------------------+ 
     |       Pin        |     Cell      | 
     |------------------+---------------| 
     | ml_il_x1_g920/ZN |    ND2D1BWP7T | 
     | ml_il_x1_g916/B1 |   INR2D0BWP7T | 
     | ml_il_x1_g916/ZN |   INR2D0BWP7T | 
     | ml_il_x1_g913/B1 |   INR2D0BWP7T | 
     | ml_il_x1_g913/ZN |   INR2D0BWP7T | 
     | ml_il_x1_g905/B2 | MOAI22D0BWP7T | 
     | ml_il_x1_g905/ZN | MOAI22D0BWP7T | 
     | ml_il_x1_g927/B2 | AOI222D0BWP7T | 
     | ml_il_x1_g927/ZN | AOI222D0BWP7T | 
     | ml_il_x1_g920/A1 |    ND2D1BWP7T | 
     | ml_il_x1_g920/ZN |    ND2D1BWP7T | 
     +----------------------------------+ 
     +----------------------------------+ 
     |       Pin        |     Cell      | 
     |------------------+---------------| 
     | ml_il_x1_g930/ZN | AOI222D0BWP7T | 
     | ml_il_x1_g924/A1 |    ND2D0BWP7T | 
     | ml_il_x1_g924/ZN |    ND2D0BWP7T | 
     |  ml_il_x1_g917/B |  OAI21D0BWP7T | 
     | ml_il_x1_g917/ZN |  OAI21D0BWP7T | 
     | ml_il_x1_g930/B2 | AOI222D0BWP7T | 
     | ml_il_x1_g930/ZN | AOI222D0BWP7T | 
     +----------------------------------+ 
     +----------------------------------+ 
     |       Pin        |     Cell      | 
     |------------------+---------------| 
     | ml_il_x1_g930/ZN | AOI222D0BWP7T | 
     | ml_il_x1_g924/A1 |    ND2D0BWP7T | 
     | ml_il_x1_g924/ZN |    ND2D0BWP7T | 
     | ml_il_x1_g910/B2 | MOAI22D0BWP7T | 
     | ml_il_x1_g910/ZN | MOAI22D0BWP7T | 
     | ml_il_x1_g929/B2 | AOI222D0BWP7T | 
     | ml_il_x1_g929/ZN | AOI222D0BWP7T | 
     | ml_il_x1_g921/A1 |    ND2D1BWP7T | 
     | ml_il_x1_g921/ZN |    ND2D1BWP7T | 
     | ml_il_x1_g919/A1 |   INR2D0BWP7T | 
     | ml_il_x1_g919/ZN |   INR2D0BWP7T | 
     |  ml_il_x1_g908/B |  AOI21D0BWP7T | 
     | ml_il_x1_g908/ZN |  AOI21D0BWP7T | 
     | ml_il_x1_g904/A1 |  OAI21D0BWP7T | 
     | ml_il_x1_g904/ZN |  OAI21D0BWP7T | 
     | ml_il_x1_g903/A1 |    NR2D0BWP7T | 
     | ml_il_x1_g903/ZN |    NR2D0BWP7T | 
     | ml_il_x1_g934/B1 |   INR3D0BWP7T | 
     | ml_il_x1_g934/ZN |   INR3D0BWP7T | 
     | ml_il_x1_g930/B1 | AOI222D0BWP7T | 
     | ml_il_x1_g930/ZN | AOI222D0BWP7T | 
     +----------------------------------+ 
     +----------------------------------+ 
     |       Pin        |     Cell      | 
     |------------------+---------------| 
     | ml_il_x1_g930/ZN | AOI222D0BWP7T | 
     | ml_il_x1_g924/A1 |    ND2D0BWP7T | 
     | ml_il_x1_g924/ZN |    ND2D0BWP7T | 
     |  ml_il_x1_g917/B |  OAI21D0BWP7T | 
     | ml_il_x1_g917/ZN |  OAI21D0BWP7T | 
     | ml_il_x1_g930/A2 | AOI222D0BWP7T | 
     | ml_il_x1_g930/ZN | AOI222D0BWP7T | 
     +----------------------------------+ 
     +-----------------------------------+ 
     |       Pin        |      Cell      | 
     |------------------+----------------| 
     |  ml_il_x1_g901/B |     HA1D0BWP7T | 
     |  ml_il_x1_g901/S |     HA1D0BWP7T | 
     | ml_il_x1_g935/A4 |     ND4D0BWP7T | 
     | ml_il_x1_g935/ZN |     ND4D0BWP7T | 
     | ml_il_x1_g933/B1 |    IND2D0BWP7T | 
     | ml_il_x1_g933/ZN |    IND2D0BWP7T | 
     | ml_il_x1_g931/A3 |     NR3D0BWP7T | 
     | ml_il_x1_g931/ZN |     NR3D0BWP7T | 
     | ml_il_x1_g930/A1 |  AOI222D0BWP7T | 
     | ml_il_x1_g930/ZN |  AOI222D0BWP7T | 
     |  ml_il_x1_g928/I |     INVD1BWP7T | 
     | ml_il_x1_g928/ZN |     INVD1BWP7T | 
     | ml_il_x1_g923/A1 |     ND2D0BWP7T | 
     | ml_il_x1_g923/ZN |     ND2D0BWP7T | 
     |  ml_il_x1_g922/I |     CKND1BWP7T | 
     | ml_il_x1_g922/ZN |     CKND1BWP7T | 
     |  ml_il_x1_g911/C | MAOI222D0BWP7T | 
     | ml_il_x1_g911/ZN | MAOI222D0BWP7T | 
     | ml_il_x1_g906/A1 |  MOAI22D0BWP7T | 
     | ml_il_x1_g906/ZN |  MOAI22D0BWP7T | 
     |  ml_il_x1_g901/B |     HA1D0BWP7T | 
     +-----------------------------------+ 
     +----------------------------------+ 
     |       Pin        |     Cell      | 
     |------------------+---------------| 
     | ml_il_x1_g924/ZN |    ND2D0BWP7T | 
     |  ml_il_x1_g917/B |  OAI21D0BWP7T | 
     | ml_il_x1_g917/ZN |  OAI21D0BWP7T | 
     | ml_il_x1_g935/A3 |    ND4D0BWP7T | 
     | ml_il_x1_g935/ZN |    ND4D0BWP7T | 
     | ml_il_x1_g933/B1 |   IND2D0BWP7T | 
     | ml_il_x1_g933/ZN |   IND2D0BWP7T | 
     | ml_il_x1_g931/A3 |    NR3D0BWP7T | 
     | ml_il_x1_g931/ZN |    NR3D0BWP7T | 
     | ml_il_x1_g930/A1 | AOI222D0BWP7T | 
     | ml_il_x1_g930/ZN | AOI222D0BWP7T | 
     | ml_il_x1_g924/A1 |    ND2D0BWP7T | 
     | ml_il_x1_g924/ZN |    ND2D0BWP7T | 
     +----------------------------------+ 
     +----------------------------------+ 
     |       Pin        |     Cell      | 
     |------------------+---------------| 
     | ml_il_x1_g921/ZN |    ND2D1BWP7T | 
     | ml_il_x1_g918/A1 |   IND2D0BWP7T | 
     | ml_il_x1_g918/ZN |   IND2D0BWP7T | 
     | ml_il_x1_g912/B1 |   IND2D0BWP7T | 
     | ml_il_x1_g912/ZN |   IND2D0BWP7T | 
     | ml_il_x1_g910/B1 | MOAI22D0BWP7T | 
     | ml_il_x1_g910/ZN | MOAI22D0BWP7T | 
     | ml_il_x1_g929/B2 | AOI222D0BWP7T | 
     | ml_il_x1_g929/ZN | AOI222D0BWP7T | 
     | ml_il_x1_g921/A1 |    ND2D1BWP7T | 
     | ml_il_x1_g921/ZN |    ND2D1BWP7T | 
     +----------------------------------+ 
     +----------------------------------+ 
     |       Pin        |     Cell      | 
     |------------------+---------------| 
     | ml_il_x1_g930/ZN | AOI222D0BWP7T | 
     | ml_il_x1_g917/A1 |  OAI21D0BWP7T | 
     | ml_il_x1_g917/ZN |  OAI21D0BWP7T | 
     | ml_il_x1_g935/A3 |    ND4D0BWP7T | 
     | ml_il_x1_g935/ZN |    ND4D0BWP7T | 
     | ml_il_x1_g933/B1 |   IND2D0BWP7T | 
     | ml_il_x1_g933/ZN |   IND2D0BWP7T | 
     | ml_il_x1_g931/A3 |    NR3D0BWP7T | 
     | ml_il_x1_g931/ZN |    NR3D0BWP7T | 
     | ml_il_x1_g930/A1 | AOI222D0BWP7T | 
     | ml_il_x1_g930/ZN | AOI222D0BWP7T | 
     +----------------------------------+ 
     +----------------------------------+ 
     |       Pin        |     Cell      | 
     |------------------+---------------| 
     | ml_il_y1_g925/ZN |    ND2D1BWP7T | 
     | ml_il_y1_g903/A2 |    NR2D0BWP7T | 
     | ml_il_y1_g903/ZN |    NR2D0BWP7T | 
     |  ml_il_y1_g902/B |   AO21D0BWP7T | 
     |  ml_il_y1_g902/Z |   AO21D0BWP7T | 
     | ml_il_y1_g926/B2 | AOI222D0BWP7T | 
     | ml_il_y1_g926/ZN | AOI222D0BWP7T | 
     | ml_il_y1_g925/A1 |    ND2D1BWP7T | 
     | ml_il_y1_g925/ZN |    ND2D1BWP7T | 
     +----------------------------------+ 
     +----------------------------------+ 
     |       Pin        |     Cell      | 
     |------------------+---------------| 
     | ml_il_y1_g920/ZN |    ND2D1BWP7T | 
     | ml_il_y1_g916/B1 |   INR2D0BWP7T | 
     | ml_il_y1_g916/ZN |   INR2D0BWP7T | 
     | ml_il_y1_g913/B1 |   INR2D0BWP7T | 
     | ml_il_y1_g913/ZN |   INR2D0BWP7T | 
     | ml_il_y1_g905/B2 | MOAI22D0BWP7T | 
     | ml_il_y1_g905/ZN | MOAI22D0BWP7T | 
     | ml_il_y1_g927/B2 | AOI222D0BWP7T | 
     | ml_il_y1_g927/ZN | AOI222D0BWP7T | 
     | ml_il_y1_g920/A1 |    ND2D1BWP7T | 
     | ml_il_y1_g920/ZN |    ND2D1BWP7T | 
     +----------------------------------+ 
     +----------------------------------+ 
     |       Pin        |     Cell      | 
     |------------------+---------------| 
     | ml_il_y1_g930/ZN | AOI222D0BWP7T | 
     | ml_il_y1_g924/A1 |    ND2D0BWP7T | 
     | ml_il_y1_g924/ZN |    ND2D0BWP7T | 
     |  ml_il_y1_g917/B |  OAI21D0BWP7T | 
     | ml_il_y1_g917/ZN |  OAI21D0BWP7T | 
     | ml_il_y1_g930/B2 | AOI222D0BWP7T | 
     | ml_il_y1_g930/ZN | AOI222D0BWP7T | 
     +----------------------------------+ 
     +----------------------------------+ 
     |       Pin        |     Cell      | 
     |------------------+---------------| 
     | ml_il_y1_g930/ZN | AOI222D0BWP7T | 
     | ml_il_y1_g924/A1 |    ND2D0BWP7T | 
     | ml_il_y1_g924/ZN |    ND2D0BWP7T | 
     | ml_il_y1_g910/B2 | MOAI22D0BWP7T | 
     | ml_il_y1_g910/ZN | MOAI22D0BWP7T | 
     | ml_il_y1_g929/B2 | AOI222D0BWP7T | 
     | ml_il_y1_g929/ZN | AOI222D0BWP7T | 
     | ml_il_y1_g921/A1 |    ND2D1BWP7T | 
     | ml_il_y1_g921/ZN |    ND2D1BWP7T | 
     | ml_il_y1_g919/A1 |   INR2D0BWP7T | 
     | ml_il_y1_g919/ZN |   INR2D0BWP7T | 
     |  ml_il_y1_g908/B |  AOI21D0BWP7T | 
     | ml_il_y1_g908/ZN |  AOI21D0BWP7T | 
     | ml_il_y1_g904/A1 |  OAI21D0BWP7T | 
     | ml_il_y1_g904/ZN |  OAI21D0BWP7T | 
     | ml_il_y1_g903/A1 |    NR2D0BWP7T | 
     | ml_il_y1_g903/ZN |    NR2D0BWP7T | 
     | ml_il_y1_g934/B1 |   INR3D0BWP7T | 
     | ml_il_y1_g934/ZN |   INR3D0BWP7T | 
     | ml_il_y1_g930/B1 | AOI222D0BWP7T | 
     | ml_il_y1_g930/ZN | AOI222D0BWP7T | 
     +----------------------------------+ 
     +----------------------------------+ 
     |       Pin        |     Cell      | 
     |------------------+---------------| 
     | ml_il_y1_g930/ZN | AOI222D0BWP7T | 
     | ml_il_y1_g924/A1 |    ND2D0BWP7T | 
     | ml_il_y1_g924/ZN |    ND2D0BWP7T | 
     |  ml_il_y1_g917/B |  OAI21D0BWP7T | 
     | ml_il_y1_g917/ZN |  OAI21D0BWP7T | 
     | ml_il_y1_g930/A2 | AOI222D0BWP7T | 
     | ml_il_y1_g930/ZN | AOI222D0BWP7T | 
     +----------------------------------+ 
     +-----------------------------------+ 
     |       Pin        |      Cell      | 
     |------------------+----------------| 
     |  ml_il_y1_g901/B |     HA1D0BWP7T | 
     |  ml_il_y1_g901/S |     HA1D0BWP7T | 
     | ml_il_y1_g935/A4 |     ND4D0BWP7T | 
     | ml_il_y1_g935/ZN |     ND4D0BWP7T | 
     | ml_il_y1_g933/B1 |    IND2D0BWP7T | 
     | ml_il_y1_g933/ZN |    IND2D0BWP7T | 
     | ml_il_y1_g931/A3 |     NR3D0BWP7T | 
     | ml_il_y1_g931/ZN |     NR3D0BWP7T | 
     | ml_il_y1_g930/A1 |  AOI222D0BWP7T | 
     | ml_il_y1_g930/ZN |  AOI222D0BWP7T | 
     |  ml_il_y1_g928/I |     INVD1BWP7T | 
     | ml_il_y1_g928/ZN |     INVD1BWP7T | 
     | ml_il_y1_g923/A1 |     ND2D0BWP7T | 
     | ml_il_y1_g923/ZN |     ND2D0BWP7T | 
     |  ml_il_y1_g922/I |     CKND1BWP7T | 
     | ml_il_y1_g922/ZN |     CKND1BWP7T | 
     |  ml_il_y1_g911/C | MAOI222D0BWP7T | 
     | ml_il_y1_g911/ZN | MAOI222D0BWP7T | 
     | ml_il_y1_g906/A1 |  MOAI22D0BWP7T | 
     | ml_il_y1_g906/ZN |  MOAI22D0BWP7T | 
     |  ml_il_y1_g901/B |     HA1D0BWP7T | 
     +-----------------------------------+ 
     +----------------------------------+ 
     |       Pin        |     Cell      | 
     |------------------+---------------| 
     | ml_il_y1_g924/ZN |    ND2D0BWP7T | 
     |  ml_il_y1_g917/B |  OAI21D0BWP7T | 
     | ml_il_y1_g917/ZN |  OAI21D0BWP7T | 
     | ml_il_y1_g935/A3 |    ND4D0BWP7T | 
     | ml_il_y1_g935/ZN |    ND4D0BWP7T | 
     | ml_il_y1_g933/B1 |   IND2D0BWP7T | 
     | ml_il_y1_g933/ZN |   IND2D0BWP7T | 
     | ml_il_y1_g931/A3 |    NR3D0BWP7T | 
     | ml_il_y1_g931/ZN |    NR3D0BWP7T | 
     | ml_il_y1_g930/A1 | AOI222D0BWP7T | 
     | ml_il_y1_g930/ZN | AOI222D0BWP7T | 
     | ml_il_y1_g924/A1 |    ND2D0BWP7T | 
     | ml_il_y1_g924/ZN |    ND2D0BWP7T | 
     +----------------------------------+ 
     +----------------------------------+ 
     |       Pin        |     Cell      | 
     |------------------+---------------| 
     | ml_il_y1_g921/ZN |    ND2D1BWP7T | 
     | ml_il_y1_g918/A1 |   IND2D0BWP7T | 
     | ml_il_y1_g918/ZN |   IND2D0BWP7T | 
     | ml_il_y1_g912/B1 |   IND2D0BWP7T | 
     | ml_il_y1_g912/ZN |   IND2D0BWP7T | 
     | ml_il_y1_g910/B1 | MOAI22D0BWP7T | 
     | ml_il_y1_g910/ZN | MOAI22D0BWP7T | 
     | ml_il_y1_g929/B2 | AOI222D0BWP7T | 
     | ml_il_y1_g929/ZN | AOI222D0BWP7T | 
     | ml_il_y1_g921/A1 |    ND2D1BWP7T | 
     | ml_il_y1_g921/ZN |    ND2D1BWP7T | 
     +----------------------------------+ 
     +----------------------------------+ 
     |       Pin        |     Cell      | 
     |------------------+---------------| 
     | ml_il_y1_g930/ZN | AOI222D0BWP7T | 
     | ml_il_y1_g917/A1 |  OAI21D0BWP7T | 
     | ml_il_y1_g917/ZN |  OAI21D0BWP7T | 
     | ml_il_y1_g935/A3 |    ND4D0BWP7T | 
     | ml_il_y1_g935/ZN |    ND4D0BWP7T | 
     | ml_il_y1_g933/B1 |   IND2D0BWP7T | 
     | ml_il_y1_g933/ZN |   IND2D0BWP7T | 
     | ml_il_y1_g931/A3 |    NR3D0BWP7T | 
     | ml_il_y1_g931/ZN |    NR3D0BWP7T | 
     | ml_il_y1_g930/A1 | AOI222D0BWP7T | 
     | ml_il_y1_g930/ZN | AOI222D0BWP7T | 
     +----------------------------------+ 
