------------------------------------------------------------
TimeQuest Timing Analyzer Summary
------------------------------------------------------------

Type  : Slow Model Setup 'gen25mhz:inst1|count[0]'
Slack : -20.872
TNS   : -534.661

Type  : Slow Model Setup 'clock_50mhz'
Slack : 3.756
TNS   : 0.000

Type  : Slow Model Hold 'clock_50mhz'
Slack : -3.504
TNS   : -3.504

Type  : Slow Model Hold 'gen25mhz:inst1|count[0]'
Slack : 0.228
TNS   : 0.000

Type  : Slow Model Minimum Pulse Width 'gen25mhz:inst1|count[0]'
Slack : -1.814
TNS   : -270.904

Type  : Slow Model Minimum Pulse Width 'clock_50mhz'
Slack : -1.631
TNS   : -2.853

Type  : Fast Model Setup 'gen25mhz:inst1|count[0]'
Slack : -7.345
TNS   : -116.845

Type  : Fast Model Setup 'clock_50mhz'
Slack : 2.055
TNS   : 0.000

Type  : Fast Model Hold 'clock_50mhz'
Slack : -1.675
TNS   : -1.675

Type  : Fast Model Hold 'gen25mhz:inst1|count[0]'
Slack : -0.412
TNS   : -0.764

Type  : Fast Model Minimum Pulse Width 'gen25mhz:inst1|count[0]'
Slack : -1.423
TNS   : -220.460

Type  : Fast Model Minimum Pulse Width 'clock_50mhz'
Slack : -1.380
TNS   : -2.380

------------------------------------------------------------
