------------------------------------------------------------
TimeQuest Timing Analyzer Summary
------------------------------------------------------------

Type  : Slow Model Setup 'gen25mhz:inst1|count[0]'
Slack : -21.894
TNS   : -486.259

Type  : Slow Model Setup 'clock_50mhz'
Slack : 2.977
TNS   : 0.000

Type  : Slow Model Hold 'clock_50mhz'
Slack : -2.725
TNS   : -2.725

Type  : Slow Model Hold 'gen25mhz:inst1|count[0]'
Slack : 0.445
TNS   : 0.000

Type  : Slow Model Minimum Pulse Width 'gen25mhz:inst1|count[0]'
Slack : -1.814
TNS   : -270.904

Type  : Slow Model Minimum Pulse Width 'clock_50mhz'
Slack : -1.631
TNS   : -2.853

Type  : Fast Model Setup 'gen25mhz:inst1|count[0]'
Slack : -7.798
TNS   : -102.385

Type  : Fast Model Setup 'clock_50mhz'
Slack : 1.722
TNS   : 0.000

Type  : Fast Model Hold 'clock_50mhz'
Slack : -1.342
TNS   : -1.342

Type  : Fast Model Hold 'gen25mhz:inst1|count[0]'
Slack : -0.256
TNS   : -0.668

Type  : Fast Model Minimum Pulse Width 'gen25mhz:inst1|count[0]'
Slack : -1.423
TNS   : -220.460

Type  : Fast Model Minimum Pulse Width 'clock_50mhz'
Slack : -1.380
TNS   : -2.380

------------------------------------------------------------
